legacy-800x600@1: 100/5731
legacy-800x600@1: 200/5731
legacy-800x600@1: 300/5731
legacy-800x600@1: 400/5731
legacy-800x600@1: 500/5731
legacy-800x600@1: 600/5731
legacy-800x600@1: 700/5731
legacy-800x600@1: 800/5731
legacy-800x600@1: 900/5731
legacy-800x600@1: 1000/5731
legacy-800x600@1: 1100/5731
legacy-800x600@1: 1200/5731
legacy-800x600@1: 1300/5731
legacy-800x600@1: 1400/5731
legacy-800x600@1: 1500/5731
legacy-800x600@1: 1600/5731
legacy-800x600@1: 1700/5731
legacy-800x600@1: 1800/5731
legacy-800x600@1: 1900/5731
legacy-800x600@1: 2000/5731
legacy-800x600@1: 2100/5731
legacy-800x600@1: 2200/5731
legacy-800x600@1: 2300/5731
legacy-800x600@1: 2400/5731
legacy-800x600@1: 2500/5731
legacy-800x600@1: 2600/5731
legacy-800x600@1: 2700/5731
legacy-800x600@1: 2800/5731
legacy-800x600@1: 2900/5731
legacy-800x600@1: 3000/5731
legacy-800x600@1: 3100/5731
legacy-800x600@1: 3200/5731
legacy-800x600@1: 3300/5731
legacy-800x600@1: 3400/5731
legacy-800x600@1: 3500/5731
legacy-800x600@1: 3600/5731
legacy-800x600@1: 3700/5731
legacy-800x600@1: 3800/5731
legacy-800x600@1: 3900/5731
legacy-800x600@1: 4000/5731
legacy-800x600@1: 4100/5731
legacy-800x600@1: 4200/5731
legacy-800x600@1: 4300/5731
legacy-800x600@1: 4400/5731
legacy-800x600@1: 4500/5731
legacy-800x600@1: 4600/5731
legacy-800x600@1: 4700/5731
legacy-800x600@1: 4800/5731
legacy-800x600@1: 4900/5731
legacy-800x600@1: 5000/5731
legacy-800x600@1: 5100/5731
legacy-800x600@1: 5200/5731
legacy-800x600@1: 5300/5731
legacy-800x600@1: 5400/5731
legacy-800x600@1: 5500/5731
legacy-800x600@1: 5600/5731
legacy-800x600@1: 5700/5731
legacy-800x600@1: 5731/5731
mobile-375x667@2: 100/5731
mobile-375x667@2: 200/5731
mobile-375x667@2: 300/5731
mobile-375x667@2: 400/5731
mobile-375x667@2: 500/5731
mobile-375x667@2: 600/5731
mobile-375x667@2: 700/5731
mobile-375x667@2: 800/5731
mobile-375x667@2: 900/5731
mobile-375x667@2: 1000/5731
mobile-375x667@2: 1100/5731
mobile-375x667@2: 1200/5731
mobile-375x667@2: 1300/5731
mobile-375x667@2: 1400/5731
mobile-375x667@2: 1500/5731
mobile-375x667@2: 1600/5731
mobile-375x667@2: 1700/5731
mobile-375x667@2: 1800/5731
mobile-375x667@2: 1900/5731
mobile-375x667@2: 2000/5731
mobile-375x667@2: 2100/5731
mobile-375x667@2: 2200/5731
mobile-375x667@2: 2300/5731
mobile-375x667@2: 2400/5731
mobile-375x667@2: 2500/5731
mobile-375x667@2: 2600/5731
mobile-375x667@2: 2700/5731
mobile-375x667@2: 2800/5731
mobile-375x667@2: 2900/5731
mobile-375x667@2: 3000/5731
mobile-375x667@2: 3100/5731
mobile-375x667@2: 3200/5731
mobile-375x667@2: 3300/5731
mobile-375x667@2: 3400/5731
mobile-375x667@2: 3500/5731
mobile-375x667@2: 3600/5731
mobile-375x667@2: 3700/5731
mobile-375x667@2: 3800/5731
mobile-375x667@2: 3900/5731
mobile-375x667@2: 4000/5731
mobile-375x667@2: 4100/5731
mobile-375x667@2: 4200/5731
mobile-375x667@2: 4300/5731
mobile-375x667@2: 4400/5731
mobile-375x667@2: 4500/5731
mobile-375x667@2: 4600/5731
mobile-375x667@2: 4700/5731
mobile-375x667@2: 4800/5731
mobile-375x667@2: 4900/5731
mobile-375x667@2: 5000/5731
mobile-375x667@2: 5100/5731
mobile-375x667@2: 5200/5731
mobile-375x667@2: 5300/5731
mobile-375x667@2: 5400/5731
mobile-375x667@2: 5500/5731
mobile-375x667@2: 5600/5731
mobile-375x667@2: 5700/5731
mobile-375x667@2: 5731/5731
desktop-1280x720@1.25: 100/5731
desktop-1280x720@1.25: 200/5731
desktop-1280x720@1.25: 300/5731
desktop-1280x720@1.25: 400/5731
desktop-1280x720@1.25: 500/5731
desktop-1280x720@1.25: 600/5731
desktop-1280x720@1.25: 700/5731
desktop-1280x720@1.25: 800/5731
desktop-1280x720@1.25: 900/5731
desktop-1280x720@1.25: 1000/5731
desktop-1280x720@1.25: 1100/5731
desktop-1280x720@1.25: 1200/5731
desktop-1280x720@1.25: 1300/5731
desktop-1280x720@1.25: 1400/5731
desktop-1280x720@1.25: 1500/5731
desktop-1280x720@1.25: 1600/5731
desktop-1280x720@1.25: 1700/5731
desktop-1280x720@1.25: 1800/5731
desktop-1280x720@1.25: 1900/5731
desktop-1280x720@1.25: 2000/5731
desktop-1280x720@1.25: 2100/5731
desktop-1280x720@1.25: 2200/5731
desktop-1280x720@1.25: 2300/5731
desktop-1280x720@1.25: 2400/5731
desktop-1280x720@1.25: 2500/5731
desktop-1280x720@1.25: 2600/5731
desktop-1280x720@1.25: 2700/5731
desktop-1280x720@1.25: 2800/5731
desktop-1280x720@1.25: 2900/5731
desktop-1280x720@1.25: 3000/5731
desktop-1280x720@1.25: 3100/5731
desktop-1280x720@1.25: 3200/5731
desktop-1280x720@1.25: 3300/5731
desktop-1280x720@1.25: 3400/5731
desktop-1280x720@1.25: 3500/5731
desktop-1280x720@1.25: 3600/5731
desktop-1280x720@1.25: 3700/5731
desktop-1280x720@1.25: 3800/5731
desktop-1280x720@1.25: 3900/5731
desktop-1280x720@1.25: 4000/5731
desktop-1280x720@1.25: 4100/5731
desktop-1280x720@1.25: 4200/5731
desktop-1280x720@1.25: 4300/5731
desktop-1280x720@1.25: 4400/5731
desktop-1280x720@1.25: 4500/5731
desktop-1280x720@1.25: 4600/5731
desktop-1280x720@1.25: 4700/5731
desktop-1280x720@1.25: 4800/5731
desktop-1280x720@1.25: 4900/5731
desktop-1280x720@1.25: 5000/5731
desktop-1280x720@1.25: 5100/5731
desktop-1280x720@1.25: 5200/5731
desktop-1280x720@1.25: 5300/5731
desktop-1280x720@1.25: 5400/5731
desktop-1280x720@1.25: 5500/5731
desktop-1280x720@1.25: 5600/5731
desktop-1280x720@1.25: 5700/5731
desktop-1280x720@1.25: 5731/5731
desktop-1920x1080@1.5: 100/5731
desktop-1920x1080@1.5: 200/5731
desktop-1920x1080@1.5: 300/5731
desktop-1920x1080@1.5: 400/5731
desktop-1920x1080@1.5: 500/5731
desktop-1920x1080@1.5: 600/5731
desktop-1920x1080@1.5: 700/5731
desktop-1920x1080@1.5: 800/5731
desktop-1920x1080@1.5: 900/5731
desktop-1920x1080@1.5: 1000/5731
desktop-1920x1080@1.5: 1100/5731
desktop-1920x1080@1.5: 1200/5731
desktop-1920x1080@1.5: 1300/5731
desktop-1920x1080@1.5: 1400/5731
desktop-1920x1080@1.5: 1500/5731
desktop-1920x1080@1.5: 1600/5731
desktop-1920x1080@1.5: 1700/5731
desktop-1920x1080@1.5: 1800/5731
desktop-1920x1080@1.5: 1900/5731
desktop-1920x1080@1.5: 2000/5731
desktop-1920x1080@1.5: 2100/5731
desktop-1920x1080@1.5: 2200/5731
desktop-1920x1080@1.5: 2300/5731
desktop-1920x1080@1.5: 2400/5731
desktop-1920x1080@1.5: 2500/5731
desktop-1920x1080@1.5: 2600/5731
desktop-1920x1080@1.5: 2700/5731
desktop-1920x1080@1.5: 2800/5731
desktop-1920x1080@1.5: 2900/5731
desktop-1920x1080@1.5: 3000/5731
desktop-1920x1080@1.5: 3100/5731
desktop-1920x1080@1.5: 3200/5731
desktop-1920x1080@1.5: 3300/5731
desktop-1920x1080@1.5: 3400/5731
desktop-1920x1080@1.5: 3500/5731
desktop-1920x1080@1.5: 3600/5731
desktop-1920x1080@1.5: 3700/5731
desktop-1920x1080@1.5: 3800/5731
desktop-1920x1080@1.5: 3900/5731
desktop-1920x1080@1.5: 4000/5731
desktop-1920x1080@1.5: 4100/5731
desktop-1920x1080@1.5: 4200/5731
desktop-1920x1080@1.5: 4300/5731
desktop-1920x1080@1.5: 4400/5731
desktop-1920x1080@1.5: 4500/5731
desktop-1920x1080@1.5: 4600/5731
desktop-1920x1080@1.5: 4700/5731
desktop-1920x1080@1.5: 4800/5731
desktop-1920x1080@1.5: 4900/5731
desktop-1920x1080@1.5: 5000/5731
desktop-1920x1080@1.5: 5100/5731
desktop-1920x1080@1.5: 5200/5731
desktop-1920x1080@1.5: 5300/5731
desktop-1920x1080@1.5: 5400/5731
desktop-1920x1080@1.5: 5500/5731
desktop-1920x1080@1.5: 5600/5731
desktop-1920x1080@1.5: 5700/5731
desktop-1920x1080@1.5: 5731/5731
matrix report: /home/nero/code/open-ui/out/renderer-evidence/native-viewport-scroll-v1/native-event-targets-clean-full-v1456/full-summary.json
exact=21334 different=1590 errors=0
