   Compiling openui-geometry v0.2.0 (/dev/shm/openui-native-keywords-92741843/bindings/rust/openui-geometry)
   Compiling openui-ffi v0.2.0 (/dev/shm/openui-native-keywords-92741843/bindings/rust/openui-ffi)
   Compiling openui-style v0.2.0 (/dev/shm/openui-native-keywords-92741843/bindings/rust/openui-style)
   Compiling openui-text v0.2.0 (/dev/shm/openui-native-keywords-92741843/bindings/rust/openui-text)
   Compiling openui-macros v0.2.0 (/dev/shm/openui-native-keywords-92741843/bindings/rust/openui-macros)
   Compiling openui-dom v0.2.0 (/dev/shm/openui-native-keywords-92741843/bindings/rust/openui-dom)
   Compiling openui-layout v0.2.0 (/dev/shm/openui-native-keywords-92741843/bindings/rust/openui-layout)
warning: unused import: `BfcOffset`
  --> openui-layout/src/bfc_resolution.rs:17:23
   |
17 | use openui_geometry::{BfcOffset, BoxStrut, LayoutUnit, MarginStrut};
   |                       ^^^^^^^^^
   |
   = note: `#[warn(unused_imports)]` (part of `#[warn(unused)]`) on by default

warning: unused import: `balance_columns`
     --> openui-layout/src/block.rs:19571:9
      |
19571 |         balance_columns, balance_columns_with_margins, compute_column_positions,
      |         ^^^^^^^^^^^^^^^

warning: unused import: `super::*`
    --> openui-layout/src/intrinsic_sizing.rs:3974:9
     |
3974 |     use super::*;
     |         ^^^^^^^^

warning: unused import: `std::sync::Arc`
  --> openui-layout/src/new_formatting_context.rs:17:5
   |
17 | use std::sync::Arc;
   |     ^^^^^^^^^^^^^^

warning: unused import: `ClearType`
  --> openui-layout/src/new_formatting_context.rs:24:25
   |
24 | use crate::exclusions::{ClearType, ExclusionSpace};
   |                         ^^^^^^^^^

warning: unused import: `crate::layout_result::LayoutResult`
  --> openui-layout/src/new_formatting_context.rs:26:5
   |
26 | use crate::layout_result::LayoutResult;
   |     ^^^^^^^^^^^^^^^^^^^^^^^^^^^^^^^^^^

warning: variable `reconstructed_block_in_inline` is assigned to, but never used
    --> openui-layout/src/block.rs:2104:9
     |
2104 |     let mut reconstructed_block_in_inline = false;
     |         ^^^^^^^^^^^^^^^^^^^^^^^^^^^^^^^^^
     |
     = note: consider using `_reconstructed_block_in_inline` instead
     = note: `#[warn(unused_variables)]` (part of `#[warn(unused)]`) on by default

warning: variable does not need to be mutable
    --> openui-layout/src/block.rs:6781:9
     |
6781 |     let mut child_margin = resolve_margins_in_parent_axes(
     |         ----^^^^^^^^^^^^
     |         |
     |         help: remove this `mut`
     |
     = note: `#[warn(unused_mut)]` (part of `#[warn(unused)]`) on by default

