    Finished `test` profile [unoptimized] target(s) in 1.17s
     Running unittests src/lib.rs (/mnt/e/openui-v02-cargo-c73754e2/target/debug/deps/openui_text-de4e58fa992bd64b)

running 341 tests
test char_orientation::tests::basic_emoji_rotated ... ok
test char_orientation::tests::basic_latin_punctuation_rotated ... ok
test char_orientation::tests::arabic_alef_rotated ... ok
test char_orientation::tests::cjk_compatibility_ideograph ... ok
test char_orientation::tests::cjk_extension_a ... ok
test bidi::paragraph::tests::reorder_visual_pure_ltr ... ok
test bidi::paragraph::tests::empty_text ... ok
test bidi::paragraph::tests::reorder_visual_single_rtl ... ok
test bidi::paragraph::tests::reorder_visual_mixed ... ok
test bidi::paragraph::tests::multi_paragraph_preserves_original_text ... ok
test bidi::paragraph::tests::pure_ltr ... ok
test bidi::paragraph::tests::level_at_byte_valid_offset ... ok
test bidi::paragraph::tests::mixed_ltr_rtl ... ok
test bidi::paragraph::tests::level_at_byte_mid_char_no_panic ... ok
test bidi::paragraph::tests::forced_ltr_direction ... ok
test bidi::paragraph::tests::multi_paragraph_crlf_bidi_levels ... ok
test bidi::paragraph::tests::forced_rtl_direction ... ok
test bidi::paragraph::tests::multi_paragraph_newline_bidi_levels ... ok
test bidi::paragraph::tests::pure_rtl_hebrew ... ok
test bidi::paragraph::tests::levels_per_char_count ... ok
test char_orientation::tests::cjk_extension_b ... ok
test char_orientation::tests::cjk_ideograph_last ... ok
test char_orientation::tests::cjk_ideograph_water ... ok
test char_orientation::tests::cjk_unified_ideograph_upright ... ok
test char_orientation::tests::cyrillic_a_rotated ... ok
test char_orientation::tests::digit_0_rotated ... ok
test char_orientation::tests::enclosed_cjk ... ok
test char_orientation::tests::fullwidth_a ... ok
test char_orientation::tests::fullwidth_exclamation ... ok
test char_orientation::tests::greek_alpha_rotated ... ok
test char_orientation::tests::halfwidth_katakana_rotated ... ok
test char_orientation::tests::hangul_compatibility_jamo ... ok
test char_orientation::tests::hangul_syllable_ga ... ok
test char_orientation::tests::hiragana_a ... ok
test char_orientation::tests::ideographic_comma ... ok
test char_orientation::tests::ideographic_period ... ok
test char_orientation::tests::ideographic_space ... ok
test char_orientation::tests::just_below_cjk_radicals ... ok
test char_orientation::tests::katakana_a ... ok
test char_orientation::tests::katakana_phonetic_extension ... ok
test char_orientation::tests::latin_a_rotated ... ok
test char_orientation::tests::latin_z_rotated ... ok
test char_orientation::tests::space_rotated ... ok
test char_orientation::tests::start_of_cjk_radicals ... ok
test char_orientation::tests::vertical_form ... ok
test char_orientation::tests::yi_syllable_upright ... ok
test emoji::tests::above_dingbats_not_emoji ... ok
test emoji::tests::above_tag_range_not_detected ... ok
test emoji::tests::airplane_is_emoji ... ok
test emoji::tests::anchor_is_emoji ... ok
test emoji::tests::arabic_is_not_emoji ... ok
test emoji::tests::basic_punctuation_is_not_emoji ... ok
test emoji::tests::below_tag_range_not_detected ... ok
test emoji::tests::black_small_square_is_emoji ... ok
test emoji::tests::brain_is_emoji ... ok
test emoji::tests::car_is_emoji ... ok
test emoji::tests::chess_symbols ... ok
test emoji::tests::cjk_ideograph_is_not_emoji ... ok
test emoji::tests::cjk_text_no_emoji ... ok
test emoji::tests::combining_enclosing_keycap ... ok
test emoji::tests::copyright_sign_is_not_emoji ... ok
test emoji::tests::cyrillic_is_not_emoji ... ok
test emoji::tests::digit_0_is_not_emoji ... ok
test emoji::tests::empty_string_no_emoji ... ok
test emoji::tests::end_of_dingbats_extended ... ok
test emoji::tests::first_emoticon_is_emoji ... ok
test emoji::tests::geometric_shapes_extended ... ok
test emoji::tests::grinning_face_is_emoji ... ok
test emoji::tests::hiragana_is_not_emoji ... ok
test emoji::tests::hot_beverage_is_emoji ... ok
test emoji::tests::hourglass_is_emoji ... ok
test emoji::tests::just_below_misc_symbols_block ... ok
test emoji::tests::last_emoticon_is_emoji ... ok
test emoji::tests::latin_a_is_not_emoji ... ok
test emoji::tests::lungs_is_emoji ... ok
test emoji::tests::mahjong_tile_is_emoji ... ok
test emoji::tests::mirror_ball_is_emoji ... ok
test emoji::tests::mixed_text_with_flag_indicators ... ok
test emoji::tests::modifiers_are_emoji ... ok
test emoji::tests::newline_is_not_emoji ... ok
test emoji::tests::non_modifier_not_detected ... ok
test emoji::tests::non_regional_not_detected ... ok
test emoji::tests::non_zwj_not_detected ... ok
test emoji::tests::null_character_is_not_emoji ... ok
test emoji::tests::other_variation_selectors_are_emoji ... ok
test emoji::tests::play_button_is_emoji ... ok
test emoji::tests::playing_card_is_emoji ... ok
test emoji::tests::pure_emoji_string ... ok
test emoji::tests::red_heart_is_emoji ... ok
test emoji::tests::regional_indicator_a ... ok
test emoji::tests::regional_indicator_z ... ok
test emoji::tests::regional_indicators_are_emoji ... ok
test emoji::tests::reverse_button_is_emoji ... ok
test emoji::tests::rocket_is_emoji ... ok
test emoji::tests::skin_tone_dark_is_modifier ... ok
test emoji::tests::skin_tone_light_is_modifier ... ok
test emoji::tests::skin_tone_medium_is_modifier ... ok
test emoji::tests::space_is_not_emoji ... ok
test emoji::tests::start_of_mahjong ... ok
test emoji::tests::start_of_misc_symbols ... ok
test emoji::tests::string_with_emoji ... ok
test emoji::tests::string_without_emoji ... ok
test emoji::tests::sun_is_emoji ... ok
test emoji::tests::superhero_is_emoji ... ok
test emoji::tests::supplemental_arrows_c ... ok
test emoji::tests::tag_cancel_is_tag ... ok
test emoji::tests::tag_latin_g_is_tag ... ok
test emoji::tests::tag_space_is_tag ... ok
test emoji::tests::tags_are_emoji ... ok
test emoji::tests::thumbs_up_is_emoji ... ok
test emoji::tests::umbrella_is_emoji ... ok
test emoji::tests::variation_selectors_are_emoji ... ok
test emoji::tests::vs15_is_not_emoji_presentation ... ok
test emoji::tests::vs15_is_text_presentation ... ok
test emoji::tests::vs16_is_emoji_presentation ... ok
test emoji::tests::vs16_is_not_text_presentation ... ok
test emoji::tests::watch_is_emoji ... ok
test emoji::tests::wheelchair_is_emoji ... ok
test emoji::tests::zodiac_aries_is_emoji ... ok
test emoji::tests::zodiac_pisces_is_emoji ... ok
test emoji::tests::zwj_detected ... ok
test emoji::tests::zwj_is_emoji ... ok
test emphasis::tests::all_shapes_filled ... ok
test emphasis::tests::all_shapes_open ... ok
test emphasis::tests::custom_char_ignores_fill ... ok
test emphasis::tests::custom_char_unicode ... ok
test emphasis::tests::default_mark_horizontal ... ok
test emphasis::tests::default_mark_vertical_lr ... ok
test emphasis::tests::default_mark_vertical_rl ... ok
test emphasis::tests::default_position_is_over_right ... ok
test emphasis::tests::draw_on_digits ... ok
test emphasis::tests::draw_on_emoji ... ok
test emphasis::tests::draw_on_letters ... ok
test emphasis::tests::draw_on_punctuation ... ok
test emphasis::tests::fill_default ... ok
test emphasis::tests::filled_circle ... ok
test emphasis::tests::filled_dot ... ok
test emphasis::tests::filled_double_circle ... ok
test emphasis::tests::filled_sesame ... ok
test emphasis::tests::filled_triangle ... ok
test emphasis::tests::mark_default ... ok
test emphasis::tests::none_returns_none ... ok
test emphasis::tests::open_circle ... ok
test emphasis::tests::open_dot ... ok
test emphasis::tests::open_double_circle ... ok
test emphasis::tests::open_sesame ... ok
test emphasis::tests::open_triangle ... ok
test emphasis::tests::position_default ... ok
test emphasis::tests::resolve_filled_dot_over ... ok
test emphasis::tests::resolve_none_returns_none ... ok
test emphasis::tests::resolve_open_circle_under ... ok
test emphasis::tests::skip_ascii_space ... ok
test emphasis::tests::skip_bom ... ok
test emphasis::tests::skip_ideographic_space ... ok
test emphasis::tests::skip_left_to_right_mark ... ok
test emphasis::tests::skip_line_separator ... ok
test emphasis::tests::skip_newline ... ok
test emphasis::tests::skip_no_break_space ... ok
test emphasis::tests::skip_paragraph_separator ... ok
test emphasis::tests::skip_right_to_left_mark ... ok
test emphasis::tests::skip_tab ... ok
test emphasis::tests::skip_zero_width_joiner ... ok
test emphasis::tests::skip_zero_width_space ... ok
test emphasis::tests::soft_hyphen_draws ... ok
test font::cache::tests::exact_float_bits_participate_in_cache_identity ... ok
test font::cache::tests::raster_configuration_and_scale_participate_in_cache_identity ... ok
test font::collection::tests::collection_face_indices_are_validated_for_ttc_and_otc ... ok
test font::collection::tests::css_face_matching_is_lexicographic_and_directional ... ok
test font::collection::tests::face_metrics_defaults_and_synthesis_are_applied ... ok
test font::collection::tests::fallback_instances_are_cached_and_registry_changes_evict_them ... ok
test font::collection::tests::font_container_signatures_do_not_bypass_decoder_validation ... ok
test font::collection::tests::instance_key_includes_variations_palette_synthesis_scale_and_raster_policy ... ok
test font::collection::tests::malformed_inputs_and_descriptors_are_rejected ... ok
test font::collection::tests::pinned_wpt_font_containers_report_identical_owned_metadata ... ok
test font::collection::tests::registered_faces_precede_installed_families_without_cross_collection_leakage ... ok
test font::collection::tests::registration_is_owned_bounded_and_generation_checked ... ok
test font::collection::tests::resource_hash_is_sha256 ... ok
test font::description::tests::none_text_size_adjust_preserves_used_size ... ok
test font::description::tests::percentage_text_size_adjust_changes_used_not_specified_size ... ok
test font::features::tests::all_variants_active_simultaneously ... ok
test font::features::tests::alternates_default_is_normal ... ok
test font::features::tests::alternates_historical_forms ... ok
test font::features::tests::alternates_normal_no_features ... ok
test font::features::tests::caps_all_petite_caps ... ok
test font::features::tests::caps_all_small_caps ... ok
test font::features::tests::caps_default_is_normal ... ok
test font::features::tests::caps_normal_no_features ... ok
test font::features::tests::caps_petite_caps ... ok
test font::features::tests::caps_small_caps ... ok
test font::features::tests::caps_titling ... ok
test font::features::tests::caps_unicase ... ok
test font::features::tests::default_description_produces_no_features ... ok
test font::features::tests::east_asian_combined_form_width_ruby ... ok
test font::features::tests::east_asian_default_is_normal ... ok
test font::features::tests::east_asian_full_width ... ok
test font::features::tests::east_asian_jis04 ... ok
test font::features::tests::east_asian_jis78 ... ok
test font::features::tests::east_asian_jis83 ... ok
test font::features::tests::east_asian_jis90 ... ok
test font::features::tests::east_asian_normal_no_features ... ok
test font::features::tests::east_asian_proportional_width ... ok
test font::features::tests::east_asian_ruby ... ok
test font::features::tests::east_asian_simplified ... ok
test font::features::tests::east_asian_traditional ... ok
test font::features::tests::explicit_feature_settings_appended ... ok
test font::features::tests::explicit_settings_override_variant ... ok
test font::features::tests::feature_order_is_deterministic ... ok
test font::features::tests::ligatures_common_disabled ... ok
test font::features::tests::ligatures_common_enabled ... ok
test font::features::tests::ligatures_contextual_disabled ... ok
test font::features::tests::ligatures_contextual_enabled ... ok
test font::features::tests::ligatures_default_is_normal ... ok
test font::features::tests::ligatures_discretionary_disabled ... ok
test font::features::tests::ligatures_discretionary_enabled ... ok
test font::features::tests::ligatures_historical_disabled ... ok
test font::collection::tests::deterministic_collection_owns_generic_aliases_explicitly ... ok
test font::features::tests::ligatures_historical_enabled ... ok
test font::features::tests::ligatures_none_disables_all ... ok
test font::collection::tests::deterministic_collection_tolerates_optional_backend_format_gaps ... ok
test font::collection::tests::custom_palette_values_are_owned_and_invalidate_instances ... ok
test font::features::tests::ligatures_normal_no_features ... ok
test font::features::tests::mixed_ligature_states ... ok
test font::features::tests::multiple_explicit_features ... ok
test font::features::tests::multiple_variants_combined ... ok
test font::features::tests::numeric_all_at_once ... ok
test font::features::tests::numeric_default_is_normal ... ok
test font::features::tests::numeric_diagonal_fractions ... ok
test font::features::tests::numeric_lining_nums ... ok
test font::features::tests::numeric_normal_no_features ... ok
test font::features::tests::numeric_oldstyle_nums ... ok
test font::features::tests::numeric_ordinal ... ok
test font::features::tests::numeric_proportional_nums ... ok
test font::features::tests::numeric_slashed_zero ... ok
test font::features::tests::numeric_stacked_fractions ... ok
test font::cache::tests::cache_is_bounded_and_clearable ... ok
test font::features::tests::numeric_tabular_nums ... ok
test font::features::tests::position_default_is_normal ... ok
test font::features::tests::position_normal_no_features ... ok
test font::features::tests::position_sub ... ok
test font::features::tests::position_super ... ok
test font::platform::tests::aliased_ahem_hinting_tracks_computed_font_size ... ok
test font::platform::tests::author_lcd_light_hinting_is_immutable_across_device_scales ... ok
test font::platform::tests::chromium_lcd_hinting_tracks_pinned_fontconfig_family_policy ... ok
test font::platform::tests::lcd_ahem_hinting_tracks_physical_strike_fraction ... ok
test font::platform::tests::oblique_default_angle_differs_from_zero ... ok
test font::platform::tests::oblique_with_angle_stores_angle ... ok
test font::platform::tests::stretch_62_5_maps_to_extra_condensed ... ok
test font::platform::tests::stretch_boundary_values_round_correctly ... ok
test font::platform::tests::stretch_keyword_values_map_correctly ... ok
test font::relative::tests::half_leading_preserves_the_exact_used_height ... ok
test font::relative::tests::missing_glyph_metrics_use_half_em_fallbacks ... ok
test font::relative::tests::negative_half_leading_uses_fractional_face_metrics_before_snapping ... ok
test font::relative::tests::resolves_ch_ex_and_lh_from_primary_metrics ... ok
test font::relative::tests::used_line_height_supports_every_computed_form ... ok
test hyphenation::patterns::tests::builds_trie_without_panic ... ok
test hyphenation::patterns::tests::pattern_count ... ok
test hyphenation::tests::find_soft_hyphens_at_boundaries ... ok
test hyphenation::tests::find_soft_hyphens_multiple ... ok
test hyphenation::tests::find_soft_hyphens_none ... ok
test hyphenation::tests::find_soft_hyphens_single ... ok
test hyphenation::tests::hyphen_byte_locations_ascii ... ok
test hyphenation::tests::hyphen_byte_locations_empty_result ... ok
test hyphenation::tests::hyphen_locations_empty_word ... ok
test hyphenation::tests::hyphen_locations_short_word ... ok
test hyphenation::tests::hyphenation_case_insensitive ... ok
test hyphenation::tests::hyphenation_from_css_limits ... ok
test hyphenation::tests::hyphenation_known_word_algorithm ... ok
test hyphenation::tests::hyphenation_known_word_computer ... ok
test hyphenation::tests::hyphenation_known_word_hyphenation ... ok
test hyphenation::tests::hyphenation_known_word_information ... ok
test hyphenation::tests::hyphenation_known_word_programming ... ok
test hyphenation::tests::hyphenation_many_syllables ... ok
test hyphenation::tests::hyphenation_points_are_sorted ... ok
test hyphenation::tests::hyphenation_points_within_bounds ... ok
test hyphenation::tests::hyphenation_respects_min_prefix ... ok
test hyphenation::tests::hyphenation_respects_min_suffix ... ok
test hyphenation::tests::hyphenation_respects_min_word ... ok
test hyphenation::tests::hyphenation_single_syllable_words ... ok
test hyphenation::tests::is_soft_hyphen_false_regular_chars ... ok
test hyphenation::tests::is_soft_hyphen_true ... ok
test hyphenation::tests::last_hyphen_before_at_end ... ok
test hyphenation::tests::last_hyphen_before_finds_best ... ok
test hyphenation::tests::last_hyphen_before_none_if_too_early ... ok
test hyphenation::tests::last_soft_hyphen_before_finds_last ... ok
test hyphenation::tests::last_soft_hyphen_before_none ... ok
test hyphenation::tests::last_soft_hyphen_before_respects_limit ... ok
test hyphenation::tests::registry_is_locale_aware_and_application_owned ... ok
test hyphenation::tests::registry_rejects_malformed_and_duplicate_dictionaries ... ok
test hyphenation::tests::should_hyphenate_long_words ... ok
test hyphenation::tests::should_hyphenate_short_words ... ok
test hyphenation::tests::soft_hyphen_in_word_with_auto_hyphenation ... ok
test hyphenation::tests::soft_hyphen_only_mode ... ok
test hyphenation::tests::strip_soft_hyphens_no_change ... ok
test hyphenation::tests::strip_soft_hyphens_removes_all ... ok
test hyphenation::trie::tests::parse_pattern_leading_digit ... ok
test hyphenation::trie::tests::parse_pattern_multiple_digits ... ok
test hyphenation::trie::tests::parse_pattern_trailing_digit ... ok
test hyphenation::trie::tests::parse_pattern_with_boundary ... ok
test hyphenation::trie::tests::parse_simple_pattern ... ok
test hyphenation::trie::tests::trie_boundary_pattern ... ok
test hyphenation::trie::tests::trie_insert_and_apply ... ok
test hyphenation::trie::tests::trie_multiple_patterns_max_wins ... ok
test shaping::shaper::tests::arabic_joining_sequence_marked_unsafe ... ok
test shaping::shaper::tests::arabic_with_space_has_safe_break_at_word_boundary ... ok
test shaping::shaper::tests::bidi_format_controls_have_zero_advance ... ok
test shaping::shaper::tests::char_advance_from_runs_1to1_mapping_unchanged ... ok
test shaping::shaper::tests::char_advance_from_runs_sums_duplicate_cluster_glyphs ... ok
test shaping::shaper::tests::char_advance_from_runs_three_glyphs_same_cluster ... ok
test shaping::shaper::tests::fallback_preserves_run_font_data ... ok
test shaping::shaper::tests::latin_cluster_boundaries_remain_safe ... ok
test shaping::shaper::tests::letter_spacing_distributes_across_ligature_run ... ok
test shaping::shaper::tests::mixed_bidi_and_emoji_runs_use_exact_buffer_sizes ... ok
test shaping::shaper::tests::rebuild_character_data_retains_cluster_metadata ... ok
test shaping::shaper::tests::shape_basic_latin_produces_nonzero_glyphs ... ok
test shaping::shaper::tests::shape_empty_returns_empty ... ok
test shaping::shaper::tests::shape_fallback_detects_missing_glyphs ... ok
test shaping::shaper::tests::shape_with_fallback_uses_multiple_fonts ... ok
test shaping::shaper::tests::word_spacing_only_applies_to_space_chars ... ok
test transform::tests::capitalize_after_colon ... ok
test transform::tests::capitalize_after_dot ... ok
test transform::tests::capitalize_after_hyphen ... ok
test transform::tests::capitalize_after_open_paren ... ok
test transform::tests::capitalize_after_slash ... ok
test transform::tests::capitalize_apostrophe_not_word_boundary ... ok
test transform::tests::capitalize_smart_apostrophe_not_word_boundary ... ok
test transform::tests::full_size_kana_converts_small_hiragana_ka_ke ... ok
test transform::tests::full_size_kana_converts_small_kana ... ok
test transform::tests::full_size_kana_converts_small_katakana ... ok
test transform::tests::full_size_kana_preserves_normal_text ... ok
test transform::tests::full_width_ascii ... ok
test transform::tests::full_width_space ... ok
test transform::tests::transform_capitalize ... ok
test transform::tests::transform_lowercase ... ok
test transform::tests::transform_none ... ok
test transform::tests::transform_uppercase ... ok
test transform::tests::unicode_uppercase ... ok
test shaping::shape_result::tests::fontations_lcd_hints_at_physical_size_before_replay ... ok
test shaping::shape_result::tests::fontations_preserves_requested_mask_and_position_settings ... ok
test shaping::shaper::tests::pinned_fallback_order_shapes_latin_cjk_devanagari_and_emoji ... ok
test shaping::shaper::tests::sideways_orientation_preserves_horizontal_shaping ... ok
test shaping::shaper::tests::upright_vertical_shaping_enables_cjk_vertical_substitution ... ok

test result: ok. 341 passed; 0 failed; 0 ignored; 0 measured; 0 filtered out; finished in 6.17s

