warning: unused import: `BfcOffset`
  --> openui-layout/src/bfc_resolution.rs:17:23
   |
17 | use openui_geometry::{BfcOffset, BoxStrut, LayoutUnit, MarginStrut};
   |                       ^^^^^^^^^
   |
   = note: `#[warn(unused_imports)]` (part of `#[warn(unused)]`) on by default

warning: unused import: `balance_columns`
     --> openui-layout/src/block.rs:19574:9
      |
19574 |         balance_columns, balance_columns_with_margins, compute_column_positions,
      |         ^^^^^^^^^^^^^^^

warning: unused import: `super::*`
    --> openui-layout/src/intrinsic_sizing.rs:4006:9
     |
4006 |     use super::*;
     |         ^^^^^^^^

warning: unused import: `std::sync::Arc`
  --> openui-layout/src/new_formatting_context.rs:17:5
   |
17 | use std::sync::Arc;
   |     ^^^^^^^^^^^^^^

warning: unused import: `ClearType`
  --> openui-layout/src/new_formatting_context.rs:24:25
   |
24 | use crate::exclusions::{ClearType, ExclusionSpace};
   |                         ^^^^^^^^^

warning: unused import: `crate::layout_result::LayoutResult`
  --> openui-layout/src/new_formatting_context.rs:26:5
   |
26 | use crate::layout_result::LayoutResult;
   |     ^^^^^^^^^^^^^^^^^^^^^^^^^^^^^^^^^^

warning: variable `reconstructed_block_in_inline` is assigned to, but never used
    --> openui-layout/src/block.rs:2104:9
     |
2104 |     let mut reconstructed_block_in_inline = false;
     |         ^^^^^^^^^^^^^^^^^^^^^^^^^^^^^^^^^
     |
     = note: consider using `_reconstructed_block_in_inline` instead
     = note: `#[warn(unused_variables)]` (part of `#[warn(unused)]`) on by default

warning: variable does not need to be mutable
    --> openui-layout/src/block.rs:6784:9
     |
6784 |     let mut child_margin = resolve_margins_in_parent_axes(
     |         ----^^^^^^^^^^^^
     |         |
     |         help: remove this `mut`
     |
     = note: `#[warn(unused_mut)]` (part of `#[warn(unused)]`) on by default

warning: field `source_caption_end` is never read
    --> openui-layout/src/block.rs:9554:5
     |
9553 | struct CaptionedRepeatedTableFlow {
     |        -------------------------- field in this struct
9554 |     source_caption_end: LayoutUnit,
     |     ^^^^^^^^^^^^^^^^^^
     |
     = note: `CaptionedRepeatedTableFlow` has derived impls for the traits `Debug` and `Clone`, but these are intentionally ignored during dead code analysis
     = note: `#[warn(dead_code)]` (part of `#[warn(unused)]`) on by default

warning: function `columns_needed_for_height` is never used
   --> openui-layout/src/multicol/mod.rs:705:4
    |
705 | fn columns_needed_for_height(
    |    ^^^^^^^^^^^^^^^^^^^^^^^^^

warning: `openui-layout` (lib) generated 10 warnings (run `cargo fix --lib -p openui-layout` to apply 7 suggestions)
warning: use of deprecated module `skia_safe::gradient_shader`: Use the skia_safe::gradient module
  --> openui-paint/src/painter.rs:39:20
   |
39 |     color_filters, gradient_shader, image_filters, surfaces, AlphaType, BlendMode, ClipOp, Color4f,
   |                    ^^^^^^^^^^^^^^^
   |
   = note: `#[warn(deprecated)]` on by default

warning: use of deprecated function `skia_safe::gradient_shader::linear_with_interpolation`: Use the skia_safe::gradient module
    --> openui-paint/src/painter.rs:1860:45
     |
1860 |     scrim_paint.set_shader(gradient_shader::linear_with_interpolation(
     |                                             ^^^^^^^^^^^^^^^^^^^^^^^^^

warning: use of deprecated function `skia_safe::gradient_shader::linear_with_interpolation`: Use the skia_safe::gradient module
     --> openui-paint/src/painter.rs:14056:51
      |
14056 |                 paint.set_shader(gradient_shader::linear_with_interpolation(
      |                                                   ^^^^^^^^^^^^^^^^^^^^^^^^^

warning: use of deprecated function `skia_safe::gradient_shader::linear`: Use the skia_safe::gradient module
     --> openui-paint/src/painter.rs:14069:51
      |
14069 |                 paint.set_shader(gradient_shader::linear(
      |                                                   ^^^^^^

warning: use of deprecated function `skia_safe::gradient_shader::linear_with_interpolation`: Use the skia_safe::gradient module
     --> openui-paint/src/painter.rs:14082:51
      |
14082 |                 paint.set_shader(gradient_shader::linear_with_interpolation(
      |                                                   ^^^^^^^^^^^^^^^^^^^^^^^^^

warning: use of deprecated function `skia_safe::gradient_shader::two_point_conical_with_interpolation`: Use the skia_safe::gradient module
     --> openui-paint/src/painter.rs:14178:55
      |
14178 |                     paint.set_shader(gradient_shader::two_point_conical_with_interpolation(
      |                                                       ^^^^^^^^^^^^^^^^^^^^^^^^^^^^^^^^^^^^

warning: use of deprecated function `skia_safe::gradient_shader::two_point_conical`: Use the skia_safe::gradient module
     --> openui-paint/src/painter.rs:14192:55
      |
14192 |                     paint.set_shader(gradient_shader::two_point_conical(
      |                                                       ^^^^^^^^^^^^^^^^^

warning: use of deprecated function `skia_safe::gradient_shader::two_point_conical_with_interpolation`: Use the skia_safe::gradient module
     --> openui-paint/src/painter.rs:14208:55
      |
14208 |                     paint.set_shader(gradient_shader::two_point_conical_with_interpolation(
      |                                                       ^^^^^^^^^^^^^^^^^^^^^^^^^^^^^^^^^^^^

warning: use of deprecated function `skia_safe::gradient_shader::two_point_conical_with_interpolation`: Use the skia_safe::gradient module
     --> openui-paint/src/painter.rs:14228:51
      |
14228 |                 paint.set_shader(gradient_shader::two_point_conical_with_interpolation(
      |                                                   ^^^^^^^^^^^^^^^^^^^^^^^^^^^^^^^^^^^^

warning: use of deprecated function `skia_safe::gradient_shader::two_point_conical`: Use the skia_safe::gradient module
     --> openui-paint/src/painter.rs:14242:51
      |
14242 |                 paint.set_shader(gradient_shader::two_point_conical(
      |                                                   ^^^^^^^^^^^^^^^^^

warning: use of deprecated function `skia_safe::gradient_shader::two_point_conical_with_interpolation`: Use the skia_safe::gradient module
     --> openui-paint/src/painter.rs:14258:51
      |
14258 |                 paint.set_shader(gradient_shader::two_point_conical_with_interpolation(
      |                                                   ^^^^^^^^^^^^^^^^^^^^^^^^^^^^^^^^^^^^

warning: use of deprecated function `skia_safe::gradient_shader::sweep_with_interpolation`: Use the skia_safe::gradient module
     --> openui-paint/src/painter.rs:14318:51
      |
14318 |                 paint.set_shader(gradient_shader::sweep_with_interpolation(
      |                                                   ^^^^^^^^^^^^^^^^^^^^^^^^

warning: use of deprecated function `skia_safe::gradient_shader::sweep`: Use the skia_safe::gradient module
     --> openui-paint/src/painter.rs:14332:51
      |
14332 |                 paint.set_shader(gradient_shader::sweep(
      |                                                   ^^^^^

warning: use of deprecated function `skia_safe::gradient_shader::sweep_with_interpolation`: Use the skia_safe::gradient module
     --> openui-paint/src/painter.rs:14346:51
      |
14346 |                 paint.set_shader(gradient_shader::sweep_with_interpolation(
      |                                                   ^^^^^^^^^^^^^^^^^^^^^^^^

warning: use of deprecated function `skia_safe::gradient_shader::linear`: Use the skia_safe::gradient module
     --> openui-paint/src/painter.rs:17719:55
      |
17719 |                     paint.set_shader(gradient_shader::linear(
      |                                                       ^^^^^^

warning: variant `RestoreTo` is never constructed
  --> openui-paint/src/paint_record.rs:16:5
   |
13 | enum Operation {
   |      --------- variant in this enum
...
16 |     RestoreTo(usize),
   |     ^^^^^^^^^
   |
   = note: `Operation` has a derived impl for the trait `Clone`, but this is intentionally ignored during dead code analysis
   = note: `#[warn(dead_code)]` (part of `#[warn(unused)]`) on by default

warning: methods `restore_to_count` and `save_count` are never used
   --> openui-paint/src/paint_record.rs:131:19
    |
119 | impl dyn PaintCanvas + '_ {
    | ------------------------- methods in this implementation
...
131 |     pub(crate) fn restore_to_count(&self, count: usize) -> &Self {
    |                   ^^^^^^^^^^^^^^^^
...
137 |     pub(crate) fn save_count(&self) -> usize {
    |                   ^^^^^^^^^^

warning: `openui-paint` (lib) generated 17 warnings
    Finished `test` profile [unoptimized] target(s) in 7.98s
     Running unittests src/lib.rs (/mnt/e/openui-v02-cargo-c73754e2/target/debug/deps/openui_engine-8ae43f7dcd9ac915)

running 49 tests
test interaction::tests::event_route_is_capture_target_bubble ... ok
test interaction::tests::input_button_type_attributes_preserve_button_role ... ok
test animation::tests::reduced_motion_finishes_finite_animations ... ok
test animation::tests::manual_clock_samples_and_emits_lifecycle_events ... ok
test animation::tests::transition_keeps_its_authored_target_after_completion ... ok
test interaction::tests::checkbox_and_named_radio_activation_are_deterministic ... ok
test animation::tests::pause_seek_reverse_and_cancel_are_deterministic ... ok
test accessibility::tests::platform_requests_validate_ids_and_convert_character_offsets ... ok
test interaction::tests::text_editing_uses_grapheme_boundaries_and_supports_undo ... ok
test scroll_into_view::tests::detached_foreign_and_stale_targets_keep_handle_rules ... ok
test accessibility::tests::initial_tree_infers_control_semantics_bounds_and_stable_ids ... ok
test interaction::tests::pointer_state_synthesizes_enter_leave_and_activation ... ok
test accessibility::tests::complete_snapshot_does_not_consume_incremental_updates ... ok
test animation::tests::smooth_scroll_and_snap_use_the_manual_clock ... ok
test scroll_into_view::tests::nearest_container_does_not_scroll_its_parent ... ok
test scroll_into_view::tests::clip_is_not_a_scroll_container ... ok
test scroll_into_view::tests::accessibility_reveal_uses_the_same_nested_nearest_operation ... ok
test scroll_into_view::tests::reveal_nested_hidden_scrollports_and_preserve_unchanged_frame ... ok
test accessibility::tests::cloned_subtree_relations_target_cloned_descendants ... ok
test accessibility::tests::unchanged_updates_are_empty_and_actions_share_control_state ... ok
test scroll_into_view::tests::reduced_motion_and_zero_duration_settle_and_invalid_duration_is_atomic ... ok
test scroll_into_view::tests::smooth_reveal_plans_outer_destination_from_final_inner_view ... ok
test accessibility::tests::editable_controls_expose_text_runs_and_selection ... ok
test tests::application_fonts_are_document_owned_invalidate_and_survive_in_scenes ... ok
test tests::hit_testing_respects_transforms_pointer_eligibility_and_rounded_clips ... ok
test tests::invalidation_runs_only_the_required_visual_stages ... ok
test tests::compositor_distinguishes_owned_recordings_with_equal_document_generations ... ok
test tests::logical_layout_rasterizes_at_the_authoritative_physical_size ... ok
test tests::native_inheritance_animated_font_resolves_relative_to_parent ... ok
test tests::native_inheritance_computes_calculated_font_sizes_against_parent ... ok
test tests::native_inheritance_computes_renderer_line_height_percentages ... ok
test tests::native_inheritance_distinguishes_percentage_and_unitless_line_heights ... ok
test tests::native_inheritance_recomputes_relative_lengths_and_preserves_declaration_order ... ok
test tests::native_inheritance_refreshes_authored_pseudo_styles_after_origin_mutation ... ok
test tests::native_inheritance_transition_retains_a_previously_unauthored_target ... ok
test tests::long_running_mutations_reuse_owned_storage ... ok
test tests::native_inherited_styles_follow_parent_mutations_and_tree_changes ... ok
test tests::native_resolved_computed_defaults_preserve_snapshots_and_native_inheritance ... ok
test tests::native_resolved_repeated_computed_value_preserves_unchanged_work ... ok
test tests::native_resolved_style_animation_refreshes_target_and_native_dependents ... ok
test tests::native_resolved_style_replacement_drops_previous_native_declarations ... ok
test tests::pseudo_styles_and_language_use_validated_public_paths ... ok
test tests::resources_are_document_owned ... ok
test tests::retained_tree_supports_safe_reordering ... ok
test tests::stale_and_cross_document_handles_are_rejected ... ok
test tests::typed_tree_renders_through_scene_compositor ... ok
test tests::unchanged_scene_performs_no_lifecycle_work ... ok
test tests::viewport_units_recompute_and_scale_invalidates_all_visual_stages ... ok
test tests::native_intrinsic_absolute_width_preserves_shaped_grid_and_indentation ... ok

test result: ok. 49 passed; 0 failed; 0 ignored; 0 measured; 0 filtered out; finished in 4.76s

