OPENUI_0.2 {
  global:
    oui_abi_version;
    oui_accessibility_snapshot_copy_changes;
    oui_accessibility_snapshot_copy_character_lengths;
    oui_accessibility_snapshot_copy_ids;
    oui_accessibility_snapshot_copy_text;
    oui_accessibility_snapshot_destroy;
    oui_accessibility_snapshot_get_info;
    oui_accessibility_snapshot_get_node;
    oui_accessibility_snapshot_get_node_state;
    oui_app_create;
    oui_app_create_with_raster_configuration_v1;
    oui_app_destroy;
    oui_app_document;
    oui_app_request_exit;
    oui_app_run;
    oui_border_create;
    oui_buffer_data;
    oui_buffer_destroy;
    oui_buffer_length;
    oui_corner_radii_create;
    oui_document_accessibility_snapshot;
    oui_document_accessibility_update;
    oui_document_advance_focus;
    oui_document_animation_cancel;
    oui_document_animation_finish;
    oui_document_animation_get_state;
    oui_document_animation_pause;
    oui_document_animation_play;
    oui_document_animation_seek;
    oui_document_animation_set_playback_rate;
    oui_document_begin_update;
    oui_document_create;
    oui_document_create_with_raster_configuration_v1;
    oui_document_destroy;
    oui_document_dispatch_event;
    oui_document_dispatch_key_input_v1;
    oui_document_dispatch_pointer_event;
    oui_document_dispatch_text_input_v1;
    oui_document_element_by_id;
    oui_document_end_update;
    oui_document_get_raster_configuration_v1;
    oui_document_get_viewport;
    oui_document_hit_test;
    oui_document_is_animating;
    oui_document_register_font;
    oui_document_register_image;
    oui_document_render_png;
    oui_document_render_rgba;
    oui_document_root;
    oui_document_set_animation_time;
    oui_document_set_modal_root;
    oui_document_set_reduced_motion;
    oui_document_set_viewport;
    oui_document_take_animation_event;
    oui_document_update;
    oui_edges_create;
    oui_element_add_event_listener;
    oui_element_adjust_control;
    oui_element_animate;
    oui_element_append_child;
    oui_element_blur;
    oui_element_copy_control_value;
    oui_element_create;
    oui_element_destroy;
    oui_element_detach;
    oui_element_focus;
    oui_element_get_accessibility_id;
    oui_element_get_bounds;
    oui_element_get_client_rects_v1;
    oui_element_get_control_flags;
    oui_element_get_scroll_metrics_v1;
    oui_element_get_scroll_offset;
    oui_element_get_selection;
    oui_element_insert_before;
    oui_element_perform_accessibility_action;
    oui_element_release_pointer_capture;
    oui_element_remove;
    oui_element_remove_all_children;
    oui_element_remove_attribute;
    oui_element_scroll_into_view_v1;
    oui_element_scroll_to;
    oui_element_set_accessibility_description;
    oui_element_set_accessibility_hidden;
    oui_element_set_accessibility_label;
    oui_element_set_accessibility_live;
    oui_element_set_accessibility_relation;
    oui_element_set_accessibility_role;
    oui_element_set_accessibility_value;
    oui_element_set_attribute;
    oui_element_set_checked;
    oui_element_set_control_value;
    oui_element_set_image;
    oui_element_set_indeterminate;
    oui_element_set_pointer_capture;
    oui_element_set_property;
    oui_element_set_selection;
    oui_element_set_text;
    oui_element_smooth_scroll_into_view_v1;
    oui_element_transition;
    oui_error_copy_message;
    oui_error_get_last;
    oui_font_face_copy_family;
    oui_font_face_copy_feature_defaults;
    oui_font_face_copy_unicode_ranges;
    oui_font_face_destroy;
    oui_font_face_get_info;
    oui_font_face_unregister;
    oui_font_family_create;
    oui_gap_create;
    oui_listener_destroy;
    oui_raster_configuration_init_v1;
    oui_resource_destroy;
    oui_style_compound_destroy;
    oui_style_value_color_f32_v1;
    oui_style_value_parse;
    oui_text_create;
    oui_transform_create;
  local: *;
};
