{"policy": "default", "native_hinting": "none", "scale": 1.0, "native_application_success": true, "callback_and_owned_bounds_verified": true, "repeatability_verified": true, "opacity_mutation_changes_frame": true, "contract_checks_passed": true}
{"policy": "default", "native_hinting": "none", "scale": 1.25, "native_application_success": true, "callback_and_owned_bounds_verified": true, "repeatability_verified": true, "opacity_mutation_changes_frame": true, "contract_checks_passed": true}
{"policy": "default", "native_hinting": "none", "scale": 1.5, "native_application_success": true, "callback_and_owned_bounds_verified": true, "repeatability_verified": true, "opacity_mutation_changes_frame": true, "contract_checks_passed": true}
{"policy": "default", "native_hinting": "none", "scale": 2.0, "native_application_success": true, "callback_and_owned_bounds_verified": true, "repeatability_verified": true, "opacity_mutation_changes_frame": true, "contract_checks_passed": true}
{"policy": "default", "native_hinting": "none", "scale": 3.0, "native_application_success": true, "callback_and_owned_bounds_verified": true, "repeatability_verified": true, "opacity_mutation_changes_frame": true, "contract_checks_passed": true}
{"policy": "default", "native_hinting": "slight", "scale": 1.0, "native_application_success": true, "callback_and_owned_bounds_verified": true, "repeatability_verified": true, "opacity_mutation_changes_frame": true, "contract_checks_passed": true}
{"policy": "default", "native_hinting": "slight", "scale": 1.25, "native_application_success": true, "callback_and_owned_bounds_verified": true, "repeatability_verified": true, "opacity_mutation_changes_frame": true, "contract_checks_passed": true}
{"policy": "default", "native_hinting": "slight", "scale": 1.5, "native_application_success": true, "callback_and_owned_bounds_verified": true, "repeatability_verified": true, "opacity_mutation_changes_frame": true, "contract_checks_passed": true}
{"policy": "default", "native_hinting": "slight", "scale": 2.0, "native_application_success": true, "callback_and_owned_bounds_verified": true, "repeatability_verified": true, "opacity_mutation_changes_frame": true, "contract_checks_passed": true}
{"policy": "default", "native_hinting": "slight", "scale": 3.0, "native_application_success": true, "callback_and_owned_bounds_verified": true, "repeatability_verified": true, "opacity_mutation_changes_frame": true, "contract_checks_passed": true}
{"policy": "default", "native_hinting": "normal", "scale": 1.0, "native_application_success": true, "callback_and_owned_bounds_verified": true, "repeatability_verified": true, "opacity_mutation_changes_frame": true, "contract_checks_passed": true}
{"policy": "default", "native_hinting": "normal", "scale": 1.25, "native_application_success": true, "callback_and_owned_bounds_verified": true, "repeatability_verified": true, "opacity_mutation_changes_frame": true, "contract_checks_passed": true}
{"policy": "default", "native_hinting": "normal", "scale": 1.5, "native_application_success": true, "callback_and_owned_bounds_verified": true, "repeatability_verified": true, "opacity_mutation_changes_frame": true, "contract_checks_passed": true}
{"policy": "default", "native_hinting": "normal", "scale": 2.0, "native_application_success": true, "callback_and_owned_bounds_verified": true, "repeatability_verified": true, "opacity_mutation_changes_frame": true, "contract_checks_passed": true}
{"policy": "default", "native_hinting": "normal", "scale": 3.0, "native_application_success": true, "callback_and_owned_bounds_verified": true, "repeatability_verified": true, "opacity_mutation_changes_frame": true, "contract_checks_passed": true}
{"policy": "default", "native_hinting": "full", "scale": 1.0, "native_application_success": true, "callback_and_owned_bounds_verified": true, "repeatability_verified": true, "opacity_mutation_changes_frame": true, "contract_checks_passed": true}
{"policy": "default", "native_hinting": "full", "scale": 1.25, "native_application_success": true, "callback_and_owned_bounds_verified": true, "repeatability_verified": true, "opacity_mutation_changes_frame": true, "contract_checks_passed": true}
{"policy": "default", "native_hinting": "full", "scale": 1.5, "native_application_success": true, "callback_and_owned_bounds_verified": true, "repeatability_verified": true, "opacity_mutation_changes_frame": true, "contract_checks_passed": true}
{"policy": "default", "native_hinting": "full", "scale": 2.0, "native_application_success": true, "callback_and_owned_bounds_verified": true, "repeatability_verified": true, "opacity_mutation_changes_frame": true, "contract_checks_passed": true}
{"policy": "default", "native_hinting": "full", "scale": 3.0, "native_application_success": true, "callback_and_owned_bounds_verified": true, "repeatability_verified": true, "opacity_mutation_changes_frame": true, "contract_checks_passed": true}
{"policy": "freetype", "native_hinting": "none", "scale": 1.0, "native_application_success": true, "callback_and_owned_bounds_verified": true, "repeatability_verified": true, "opacity_mutation_changes_frame": true, "contract_checks_passed": true}
{"policy": "freetype", "native_hinting": "none", "scale": 1.25, "native_application_success": true, "callback_and_owned_bounds_verified": true, "repeatability_verified": true, "opacity_mutation_changes_frame": true, "contract_checks_passed": true}
{"policy": "freetype", "native_hinting": "none", "scale": 1.5, "native_application_success": true, "callback_and_owned_bounds_verified": true, "repeatability_verified": true, "opacity_mutation_changes_frame": true, "contract_checks_passed": true}
{"policy": "freetype", "native_hinting": "none", "scale": 2.0, "native_application_success": true, "callback_and_owned_bounds_verified": true, "repeatability_verified": true, "opacity_mutation_changes_frame": true, "contract_checks_passed": true}
{"policy": "freetype", "native_hinting": "none", "scale": 3.0, "native_application_success": true, "callback_and_owned_bounds_verified": true, "repeatability_verified": true, "opacity_mutation_changes_frame": true, "contract_checks_passed": true}
{"policy": "freetype", "native_hinting": "slight", "scale": 1.0, "native_application_success": true, "callback_and_owned_bounds_verified": true, "repeatability_verified": true, "opacity_mutation_changes_frame": true, "contract_checks_passed": true}
{"policy": "freetype", "native_hinting": "slight", "scale": 1.25, "native_application_success": true, "callback_and_owned_bounds_verified": true, "repeatability_verified": true, "opacity_mutation_changes_frame": true, "contract_checks_passed": true}
{"policy": "freetype", "native_hinting": "slight", "scale": 1.5, "native_application_success": true, "callback_and_owned_bounds_verified": true, "repeatability_verified": true, "opacity_mutation_changes_frame": true, "contract_checks_passed": true}
{"policy": "freetype", "native_hinting": "slight", "scale": 2.0, "native_application_success": true, "callback_and_owned_bounds_verified": true, "repeatability_verified": true, "opacity_mutation_changes_frame": true, "contract_checks_passed": true}
{"policy": "freetype", "native_hinting": "slight", "scale": 3.0, "native_application_success": true, "callback_and_owned_bounds_verified": true, "repeatability_verified": true, "opacity_mutation_changes_frame": true, "contract_checks_passed": true}
{"policy": "freetype", "native_hinting": "normal", "scale": 1.0, "native_application_success": true, "callback_and_owned_bounds_verified": true, "repeatability_verified": true, "opacity_mutation_changes_frame": true, "contract_checks_passed": true}
{"policy": "freetype", "native_hinting": "normal", "scale": 1.25, "native_application_success": true, "callback_and_owned_bounds_verified": true, "repeatability_verified": true, "opacity_mutation_changes_frame": true, "contract_checks_passed": true}
{"policy": "freetype", "native_hinting": "normal", "scale": 1.5, "native_application_success": true, "callback_and_owned_bounds_verified": true, "repeatability_verified": true, "opacity_mutation_changes_frame": true, "contract_checks_passed": true}
{"policy": "freetype", "native_hinting": "normal", "scale": 2.0, "native_application_success": true, "callback_and_owned_bounds_verified": true, "repeatability_verified": true, "opacity_mutation_changes_frame": true, "contract_checks_passed": true}
{"policy": "freetype", "native_hinting": "normal", "scale": 3.0, "native_application_success": true, "callback_and_owned_bounds_verified": true, "repeatability_verified": true, "opacity_mutation_changes_frame": true, "contract_checks_passed": true}
{"policy": "freetype", "native_hinting": "full", "scale": 1.0, "native_application_success": true, "callback_and_owned_bounds_verified": true, "repeatability_verified": true, "opacity_mutation_changes_frame": true, "contract_checks_passed": true}
{"policy": "freetype", "native_hinting": "full", "scale": 1.25, "native_application_success": true, "callback_and_owned_bounds_verified": true, "repeatability_verified": true, "opacity_mutation_changes_frame": true, "contract_checks_passed": true}
{"policy": "freetype", "native_hinting": "full", "scale": 1.5, "native_application_success": true, "callback_and_owned_bounds_verified": true, "repeatability_verified": true, "opacity_mutation_changes_frame": true, "contract_checks_passed": true}
{"policy": "freetype", "native_hinting": "full", "scale": 2.0, "native_application_success": true, "callback_and_owned_bounds_verified": true, "repeatability_verified": true, "opacity_mutation_changes_frame": true, "contract_checks_passed": true}
{"policy": "freetype", "native_hinting": "full", "scale": 3.0, "native_application_success": true, "callback_and_owned_bounds_verified": true, "repeatability_verified": true, "opacity_mutation_changes_frame": true, "contract_checks_passed": true}
{"policy": "fontations", "native_hinting": "none", "scale": 1.0, "native_application_success": true, "callback_and_owned_bounds_verified": true, "repeatability_verified": true, "opacity_mutation_changes_frame": true, "contract_checks_passed": true}
{"policy": "fontations", "native_hinting": "none", "scale": 1.25, "native_application_success": true, "callback_and_owned_bounds_verified": true, "repeatability_verified": true, "opacity_mutation_changes_frame": true, "contract_checks_passed": true}
{"policy": "fontations", "native_hinting": "none", "scale": 1.5, "native_application_success": true, "callback_and_owned_bounds_verified": true, "repeatability_verified": true, "opacity_mutation_changes_frame": true, "contract_checks_passed": true}
{"policy": "fontations", "native_hinting": "none", "scale": 2.0, "native_application_success": true, "callback_and_owned_bounds_verified": true, "repeatability_verified": true, "opacity_mutation_changes_frame": true, "contract_checks_passed": true}
{"policy": "fontations", "native_hinting": "none", "scale": 3.0, "native_application_success": true, "callback_and_owned_bounds_verified": true, "repeatability_verified": true, "opacity_mutation_changes_frame": true, "contract_checks_passed": true}
{"policy": "fontations", "native_hinting": "slight", "scale": 1.0, "native_application_success": true, "callback_and_owned_bounds_verified": true, "repeatability_verified": true, "opacity_mutation_changes_frame": true, "contract_checks_passed": true}
{"policy": "fontations", "native_hinting": "slight", "scale": 1.25, "native_application_success": true, "callback_and_owned_bounds_verified": true, "repeatability_verified": true, "opacity_mutation_changes_frame": true, "contract_checks_passed": true}
{"policy": "fontations", "native_hinting": "slight", "scale": 1.5, "native_application_success": true, "callback_and_owned_bounds_verified": true, "repeatability_verified": true, "opacity_mutation_changes_frame": true, "contract_checks_passed": true}
{"policy": "fontations", "native_hinting": "slight", "scale": 2.0, "native_application_success": true, "callback_and_owned_bounds_verified": true, "repeatability_verified": true, "opacity_mutation_changes_frame": true, "contract_checks_passed": true}
{"policy": "fontations", "native_hinting": "slight", "scale": 3.0, "native_application_success": true, "callback_and_owned_bounds_verified": true, "repeatability_verified": true, "opacity_mutation_changes_frame": true, "contract_checks_passed": true}
{"policy": "fontations", "native_hinting": "normal", "scale": 1.0, "native_application_success": true, "callback_and_owned_bounds_verified": true, "repeatability_verified": true, "opacity_mutation_changes_frame": true, "contract_checks_passed": true}
{"policy": "fontations", "native_hinting": "normal", "scale": 1.25, "native_application_success": true, "callback_and_owned_bounds_verified": true, "repeatability_verified": true, "opacity_mutation_changes_frame": true, "contract_checks_passed": true}
{"policy": "fontations", "native_hinting": "normal", "scale": 1.5, "native_application_success": true, "callback_and_owned_bounds_verified": true, "repeatability_verified": true, "opacity_mutation_changes_frame": true, "contract_checks_passed": true}
{"policy": "fontations", "native_hinting": "normal", "scale": 2.0, "native_application_success": true, "callback_and_owned_bounds_verified": true, "repeatability_verified": true, "opacity_mutation_changes_frame": true, "contract_checks_passed": true}
{"policy": "fontations", "native_hinting": "normal", "scale": 3.0, "native_application_success": true, "callback_and_owned_bounds_verified": true, "repeatability_verified": true, "opacity_mutation_changes_frame": true, "contract_checks_passed": true}
{"policy": "fontations", "native_hinting": "full", "scale": 1.0, "native_application_success": true, "callback_and_owned_bounds_verified": true, "repeatability_verified": true, "opacity_mutation_changes_frame": true, "contract_checks_passed": true}
{"policy": "fontations", "native_hinting": "full", "scale": 1.25, "native_application_success": true, "callback_and_owned_bounds_verified": true, "repeatability_verified": true, "opacity_mutation_changes_frame": true, "contract_checks_passed": true}
{"policy": "fontations", "native_hinting": "full", "scale": 1.5, "native_application_success": true, "callback_and_owned_bounds_verified": true, "repeatability_verified": true, "opacity_mutation_changes_frame": true, "contract_checks_passed": true}
{"policy": "fontations", "native_hinting": "full", "scale": 2.0, "native_application_success": true, "callback_and_owned_bounds_verified": true, "repeatability_verified": true, "opacity_mutation_changes_frame": true, "contract_checks_passed": true}
{"policy": "fontations", "native_hinting": "full", "scale": 3.0, "native_application_success": true, "callback_and_owned_bounds_verified": true, "repeatability_verified": true, "opacity_mutation_changes_frame": true, "contract_checks_passed": true}
