   Compiling serde_core v1.0.228
   Compiling crossbeam-utils v0.8.21
   Compiling zerocopy v0.8.48
warning: unused import: `BfcOffset`
  --> openui-layout/src/bfc_resolution.rs:17:23
   |
17 | use openui_geometry::{BfcOffset, BoxStrut, LayoutUnit, MarginStrut};
   |                       ^^^^^^^^^
   |
   = note: `#[warn(unused_imports)]` (part of `#[warn(unused)]`) on by default

warning: unused import: `balance_columns`
     --> openui-layout/src/block.rs:19574:9
      |
19574 |         balance_columns, balance_columns_with_margins, compute_column_positions,
      |         ^^^^^^^^^^^^^^^

warning: unused import: `super::*`
    --> openui-layout/src/intrinsic_sizing.rs:4006:9
     |
4006 |     use super::*;
     |         ^^^^^^^^

warning: unused import: `std::sync::Arc`
  --> openui-layout/src/new_formatting_context.rs:17:5
   |
17 | use std::sync::Arc;
   |     ^^^^^^^^^^^^^^

warning: unused import: `ClearType`
  --> openui-layout/src/new_formatting_context.rs:24:25
   |
24 | use crate::exclusions::{ClearType, ExclusionSpace};
   |                         ^^^^^^^^^

warning: unused import: `crate::layout_result::LayoutResult`
  --> openui-layout/src/new_formatting_context.rs:26:5
   |
26 | use crate::layout_result::LayoutResult;
   |     ^^^^^^^^^^^^^^^^^^^^^^^^^^^^^^^^^^

warning: variable `reconstructed_block_in_inline` is assigned to, but never used
    --> openui-layout/src/block.rs:2104:9
     |
2104 |     let mut reconstructed_block_in_inline = false;
     |         ^^^^^^^^^^^^^^^^^^^^^^^^^^^^^^^^^
     |
     = note: consider using `_reconstructed_block_in_inline` instead
     = note: `#[warn(unused_variables)]` (part of `#[warn(unused)]`) on by default

warning: variable does not need to be mutable
    --> openui-layout/src/block.rs:6784:9
     |
6784 |     let mut child_margin = resolve_margins_in_parent_axes(
     |         ----^^^^^^^^^^^^
     |         |
     |         help: remove this `mut`
     |
     = note: `#[warn(unused_mut)]` (part of `#[warn(unused)]`) on by default

warning: field `source_caption_end` is never read
    --> openui-layout/src/block.rs:9554:5
     |
9553 | struct CaptionedRepeatedTableFlow {
     |        -------------------------- field in this struct
9554 |     source_caption_end: LayoutUnit,
     |     ^^^^^^^^^^^^^^^^^^
     |
     = note: `CaptionedRepeatedTableFlow` has derived impls for the traits `Debug` and `Clone`, but these are intentionally ignored during dead code analysis
     = note: `#[warn(dead_code)]` (part of `#[warn(unused)]`) on by default

warning: function `columns_needed_for_height` is never used
   --> openui-layout/src/multicol/mod.rs:705:4
    |
705 | fn columns_needed_for_height(
    |    ^^^^^^^^^^^^^^^^^^^^^^^^^

warning: `openui-layout` (lib) generated 10 warnings (run `cargo fix --lib -p openui-layout` to apply 7 suggestions)
warning: use of deprecated module `skia_safe::gradient_shader`: Use the skia_safe::gradient module
  --> openui-paint/src/painter.rs:39:20
   |
39 |     color_filters, gradient_shader, image_filters, surfaces, AlphaType, BlendMode, ClipOp, Color4f,
   |                    ^^^^^^^^^^^^^^^
   |
   = note: `#[warn(deprecated)]` on by default

warning: use of deprecated function `skia_safe::gradient_shader::linear_with_interpolation`: Use the skia_safe::gradient module
    --> openui-paint/src/painter.rs:1860:45
     |
1860 |     scrim_paint.set_shader(gradient_shader::linear_with_interpolation(
     |                                             ^^^^^^^^^^^^^^^^^^^^^^^^^

warning: use of deprecated function `skia_safe::gradient_shader::linear_with_interpolation`: Use the skia_safe::gradient module
     --> openui-paint/src/painter.rs:14056:51
      |
14056 |                 paint.set_shader(gradient_shader::linear_with_interpolation(
      |                                                   ^^^^^^^^^^^^^^^^^^^^^^^^^

warning: use of deprecated function `skia_safe::gradient_shader::linear`: Use the skia_safe::gradient module
     --> openui-paint/src/painter.rs:14069:51
      |
14069 |                 paint.set_shader(gradient_shader::linear(
      |                                                   ^^^^^^

warning: use of deprecated function `skia_safe::gradient_shader::linear_with_interpolation`: Use the skia_safe::gradient module
     --> openui-paint/src/painter.rs:14082:51
      |
14082 |                 paint.set_shader(gradient_shader::linear_with_interpolation(
      |                                                   ^^^^^^^^^^^^^^^^^^^^^^^^^

warning: use of deprecated function `skia_safe::gradient_shader::two_point_conical_with_interpolation`: Use the skia_safe::gradient module
     --> openui-paint/src/painter.rs:14178:55
      |
14178 |                     paint.set_shader(gradient_shader::two_point_conical_with_interpolation(
      |                                                       ^^^^^^^^^^^^^^^^^^^^^^^^^^^^^^^^^^^^

warning: use of deprecated function `skia_safe::gradient_shader::two_point_conical`: Use the skia_safe::gradient module
     --> openui-paint/src/painter.rs:14192:55
      |
14192 |                     paint.set_shader(gradient_shader::two_point_conical(
      |                                                       ^^^^^^^^^^^^^^^^^

warning: use of deprecated function `skia_safe::gradient_shader::two_point_conical_with_interpolation`: Use the skia_safe::gradient module
     --> openui-paint/src/painter.rs:14208:55
      |
14208 |                     paint.set_shader(gradient_shader::two_point_conical_with_interpolation(
      |                                                       ^^^^^^^^^^^^^^^^^^^^^^^^^^^^^^^^^^^^

warning: use of deprecated function `skia_safe::gradient_shader::two_point_conical_with_interpolation`: Use the skia_safe::gradient module
     --> openui-paint/src/painter.rs:14228:51
      |
14228 |                 paint.set_shader(gradient_shader::two_point_conical_with_interpolation(
      |                                                   ^^^^^^^^^^^^^^^^^^^^^^^^^^^^^^^^^^^^

warning: use of deprecated function `skia_safe::gradient_shader::two_point_conical`: Use the skia_safe::gradient module
     --> openui-paint/src/painter.rs:14242:51
      |
14242 |                 paint.set_shader(gradient_shader::two_point_conical(
      |                                                   ^^^^^^^^^^^^^^^^^

warning: use of deprecated function `skia_safe::gradient_shader::two_point_conical_with_interpolation`: Use the skia_safe::gradient module
     --> openui-paint/src/painter.rs:14258:51
      |
14258 |                 paint.set_shader(gradient_shader::two_point_conical_with_interpolation(
      |                                                   ^^^^^^^^^^^^^^^^^^^^^^^^^^^^^^^^^^^^

warning: use of deprecated function `skia_safe::gradient_shader::sweep_with_interpolation`: Use the skia_safe::gradient module
     --> openui-paint/src/painter.rs:14318:51
      |
14318 |                 paint.set_shader(gradient_shader::sweep_with_interpolation(
      |                                                   ^^^^^^^^^^^^^^^^^^^^^^^^

warning: use of deprecated function `skia_safe::gradient_shader::sweep`: Use the skia_safe::gradient module
     --> openui-paint/src/painter.rs:14332:51
      |
14332 |                 paint.set_shader(gradient_shader::sweep(
      |                                                   ^^^^^

warning: use of deprecated function `skia_safe::gradient_shader::sweep_with_interpolation`: Use the skia_safe::gradient module
     --> openui-paint/src/painter.rs:14346:51
      |
14346 |                 paint.set_shader(gradient_shader::sweep_with_interpolation(
      |                                                   ^^^^^^^^^^^^^^^^^^^^^^^^

warning: use of deprecated function `skia_safe::gradient_shader::linear`: Use the skia_safe::gradient module
     --> openui-paint/src/painter.rs:17719:55
      |
17719 |                     paint.set_shader(gradient_shader::linear(
      |                                                       ^^^^^^

warning: variant `RestoreTo` is never constructed
  --> openui-paint/src/paint_record.rs:16:5
   |
13 | enum Operation {
   |      --------- variant in this enum
...
16 |     RestoreTo(usize),
   |     ^^^^^^^^^
   |
   = note: `Operation` has a derived impl for the trait `Clone`, but this is intentionally ignored during dead code analysis
   = note: `#[warn(dead_code)]` (part of `#[warn(unused)]`) on by default

warning: methods `restore_to_count` and `save_count` are never used
   --> openui-paint/src/paint_record.rs:131:19
    |
119 | impl dyn PaintCanvas + '_ {
    | ------------------------- methods in this implementation
...
131 |     pub(crate) fn restore_to_count(&self, count: usize) -> &Self {
    |                   ^^^^^^^^^^^^^^^^
...
137 |     pub(crate) fn save_count(&self) -> usize {
    |                   ^^^^^^^^^^

warning: `openui-paint` (lib) generated 17 warnings
   Compiling openui-ffi v0.2.0 (/dev/shm/openui-native-c-raster-consumer-3395cefa/bindings/rust/openui-ffi)
   Compiling concurrent-queue v2.5.0
   Compiling async-io v2.6.0
   Compiling async-channel v2.5.0
   Compiling async-signal v0.2.14
   Compiling serde v1.0.228
   Compiling uuid v1.26.1
   Compiling async-process v2.5.0
   Compiling enumflags2 v0.7.12
   Compiling zvariant_utils v3.3.0
   Compiling zvariant v5.9.0
   Compiling quick-xml v0.38.4
   Compiling blocking v1.7.0
   Compiling async-executor v1.14.0
   Compiling accesskit v0.25.0
   Compiling ahash v0.8.12
   Compiling accesskit_consumer v0.39.0
   Compiling winit v0.30.13
   Compiling zbus_names v4.3.1
   Compiling zbus_xml v5.1.0
   Compiling zbus v5.13.0
   Compiling openui-engine v0.2.0 (/dev/shm/openui-native-c-raster-consumer-3395cefa/bindings/rust/openui-engine)
   Compiling zbus-lockstep v0.5.2
   Compiling glutin-winit v0.5.0
   Compiling atspi-common v0.13.0
   Compiling atspi-proxies v0.13.0
   Compiling accesskit_atspi_common v0.20.0
   Compiling atspi v0.29.0
   Compiling accesskit_unix v0.23.0
   Compiling accesskit_winit v0.34.0
   Compiling openui-platform v0.2.0 (/dev/shm/openui-native-c-raster-consumer-3395cefa/bindings/rust/openui-platform)
   Compiling openui v0.2.0 (/dev/shm/openui-native-c-raster-consumer-3395cefa/bindings/rust/openui)
error[E0599]: no variant or associated item named `ChromiumLinuxFontations` found for enum `openui_geometry::RasterBackend` in the current scope
  --> openui-ffi/src/raster_configuration.rs:59:33
   |
59 |             3 => RasterBackend::ChromiumLinuxFontations,
   |                                 ^^^^^^^^^^^^^^^^^^^^^^^ variant or associated item not found in `openui_geometry::RasterBackend`

error[E0599]: no variant or associated item named `ChromiumLinuxFontations` found for enum `openui_geometry::RasterBackend` in the current scope
   --> openui-ffi/src/raster_configuration.rs:114:28
    |
114 |             RasterBackend::ChromiumLinuxFontations => 3,
    |                            ^^^^^^^^^^^^^^^^^^^^^^^ variant or associated item not found in `openui_geometry::RasterBackend`

error[E0599]: no function or associated item named `chromium_linux_fontations_lcd` found for struct `openui_engine::RasterConfiguration` in the current scope
   --> openui-ffi/src/raster_configuration.rs:153:39
    |
153 |             4 => RasterConfiguration::chromium_linux_fontations_lcd(),
    |                                       ^^^^^^^^^^^^^^^^^^^^^^^^^^^^^ function or associated item not found in `openui_engine::RasterConfiguration`
    |
note: if you're trying to build a new `openui_engine::RasterConfiguration` consider using one of the following associated functions:
      openui_engine::RasterConfiguration::deterministic_aliased
      openui_engine::RasterConfiguration::chromium_linux_lcd
      openui_engine::RasterConfiguration::chromium_linux_ganesh
      openui_engine::RasterConfiguration::legacy_deterministic_aliased
      openui_engine::RasterConfiguration::legacy_chromium_linux_lcd
   --> openui-geometry/src/raster.rs:82:4
help: there is an associated function `chromium_linux_lcd` with a similar name
    |
153 -             4 => RasterConfiguration::chromium_linux_fontations_lcd(),
153 +             4 => RasterConfiguration::chromium_linux_lcd(),
    |

error[E0599]: no function or associated item named `chromium_linux_fontations_lcd` found for struct `openui_engine::RasterConfiguration` in the current scope
   --> openui-ffi/src/raster_configuration.rs:291:34
    |
291 |             RasterConfiguration::chromium_linux_fontations_lcd(),
    |                                  ^^^^^^^^^^^^^^^^^^^^^^^^^^^^^ function or associated item not found in `openui_engine::RasterConfiguration`
    |
note: if you're trying to build a new `openui_engine::RasterConfiguration` consider using one of the following associated functions:
      openui_engine::RasterConfiguration::deterministic_aliased
      openui_engine::RasterConfiguration::chromium_linux_lcd
      openui_engine::RasterConfiguration::chromium_linux_ganesh
      openui_engine::RasterConfiguration::legacy_deterministic_aliased
      openui_engine::RasterConfiguration::legacy_chromium_linux_lcd
   --> openui-geometry/src/raster.rs:82:4
help: there is an associated function `chromium_linux_lcd` with a similar name
    |
291 -             RasterConfiguration::chromium_linux_fontations_lcd(),
291 +             RasterConfiguration::chromium_linux_lcd(),
    |

error[E0599]: no variant or associated item named `ChromiumLinuxFontations` found for enum `openui_geometry::RasterBackend` in the current scope
   --> openui-ffi/src/raster_configuration.rs:378:37
    |
378 |             backend: RasterBackend::ChromiumLinuxFontations,
    |                                     ^^^^^^^^^^^^^^^^^^^^^^^ variant or associated item not found in `openui_geometry::RasterBackend`

For more information about this error, try `rustc --explain E0599`.
error: could not compile `openui-ffi` (lib test) due to 5 previous errors
